
> emprega-sapezal-backend@1.0.0 build
> npx prisma generate && tsc

[dotenv@17.3.1] injecting env (6) from .env -- tip: ÔÜÖ´©Å  suppress all logs with { quiet: true }
node.exe : warn The 
configuration property 
`package.json#prisma` 
is deprecated and will 
be removed in Prisma 
7. Please migrate to a 
Prisma config file 
(e.g., 
`prisma.config.ts`).
At line:1 char:1
+ & "C:\Program 
Files\nodejs/node.exe" 
"C:\Program 
Files\nodejs/node_mo 
...
+ ~~~~~~~~~~~~~~~~~~~~~
~~~~~~~~~~~~~~~~~~~~~~~
~~~~~~~~~~~~~~~~~~~~~~~
~~
    + CategoryInfo     
         : NotSpecifi  
  ed: (warn The conf   
 ig...ma.config.ts`    
).:String) [], Rem    
oteException
    + FullyQualifiedEr 
   rorId : NativeComm  
  andError
 
For more information, 
see: https://pris.ly/pr
isma-config

Loaded Prisma config 
from prisma.config.ts.

warn The Prisma config 
file in 
prisma.config.ts 
overrides the 
deprecated 
`package.json#prisma` 
property in 
package.json.
  For more 
information, see: https
://pris.ly/prisma-confi
g

Prisma config 
detected, skipping 
environment variable 
loading.
Prisma schema loaded from prisma\schema.prisma

Ô£ö Generated Prisma Client (v6.19.2) to .\node_modules\@prisma\client in 74ms

Start by importing your Prisma Client (See: https://pris.ly/d/importing-client)

Tip: Interested in query caching in just a few lines of code? Try Accelerate today! https://pris.ly/tip-3-accelerate

